// Jest Snapshot v1, https://goo.gl/fbAQLP

exports[`validate all readme files 'regression/azure-rest-api-specs/specification/keyvault/resource-manager/readme.md': returned results 1`] = `
Array [
  Object {
    "code": "AvoidNestedProperties",
    "id": "R2001",
    "json-path": "file:///home/justinxi/lint/regression/azure-rest-api-specs/specification/keyvault/resource-manager/Microsoft.KeyVault/stable/2019-09-01/keyvault.json:1304:8 ($.definitions.VaultCreateOrUpdateParameters.properties.properties)",
    "jsonref": "file:///home/justinxi/lint/regression/azure-rest-api-specs/specification/keyvault/resource-manager/Microsoft.KeyVault/stable/2019-09-01/keyvault.json:1304:8 ($.definitions.VaultCreateOrUpdateParameters.properties.properties)",
    "message": "Consider using x-ms-client-flatten to provide a better end user experience",
    "providerNamespace": null,
    "resourceType": null,
    "sources": Array [
      "file:///home/justinxi/lint/regression/azure-rest-api-specs/specification/keyvault/resource-manager/Microsoft.KeyVault/stable/2019-09-01/keyvault.json:1304:8 ($.definitions.VaultCreateOrUpdateParameters.properties.properties)",
    ],
    "type": "Warning",
    "validationCategory": "SDKViolation",
  },
  Object {
    "code": "PageableOperation",
    "id": "R2029",
    "json-path": "file:///home/justinxi/lint/regression/azure-rest-api-specs/specification/keyvault/resource-manager/Microsoft.KeyVault/stable/2019-09-01/keyvault.json:850:6 ($.paths[\\"/subscriptions/{subscriptionId}/resourceGroups/{resourceGroupName}/providers/Microsoft.KeyVault/vaults/{vaultName}/privateLinkResources\\"].get)",
    "jsonref": "file:///home/justinxi/lint/regression/azure-rest-api-specs/specification/keyvault/resource-manager/Microsoft.KeyVault/stable/2019-09-01/keyvault.json:850:6 ($.paths[\\"/subscriptions/{subscriptionId}/resourceGroups/{resourceGroupName}/providers/Microsoft.KeyVault/vaults/{vaultName}/privateLinkResources\\"].get)",
    "message": "Based on the response model schema, operation 'PrivateLinkResources_ListByVault' might be pageable. Consider adding the x-ms-pageable extension.",
    "providerNamespace": false,
    "resourceType": false,
    "sources": Array [
      "file:///home/justinxi/lint/regression/azure-rest-api-specs/specification/keyvault/resource-manager/Microsoft.KeyVault/stable/2019-09-01/keyvault.json:850:6 ($.paths[\\"/subscriptions/{subscriptionId}/resourceGroups/{resourceGroupName}/providers/Microsoft.KeyVault/vaults/{vaultName}/privateLinkResources\\"].get)",
    ],
    "type": "warning",
    "validationCategory": "SDKViolation",
  },
  Object {
    "code": "PutRequestResponseScheme",
    "id": "R2017",
    "json-path": "file:///home/justinxi/lint/regression/azure-rest-api-specs/specification/keyvault/resource-manager/Microsoft.KeyVault/stable/2019-09-01/keyvault.json:14:6 ($.paths[\\"/subscriptions/{subscriptionId}/resourceGroups/{resourceGroupName}/providers/Microsoft.KeyVault/vaults/{vaultName}\\"].put)",
    "jsonref": "file:///home/justinxi/lint/regression/azure-rest-api-specs/specification/keyvault/resource-manager/Microsoft.KeyVault/stable/2019-09-01/keyvault.json:14:6 ($.paths[\\"/subscriptions/{subscriptionId}/resourceGroups/{resourceGroupName}/providers/Microsoft.KeyVault/vaults/{vaultName}\\"].put)",
    "message": "A PUT operation request body schema should be the same as its 200 response schema, to allow reusing the same entity between GET and PUT. If the schema of the PUT request body is a superset of the GET response body, make sure you have a PATCH operation to make the resource updatable. Operation: 'Vaults_CreateOrUpdate' Request Model: 'VaultCreateOrUpdateParameters' Response Model: 'Vault'",
    "providerNamespace": "Microsoft.KeyVault",
    "resourceType": "vaults",
    "sources": Array [
      "file:///home/justinxi/lint/regression/azure-rest-api-specs/specification/keyvault/resource-manager/Microsoft.KeyVault/stable/2019-09-01/keyvault.json:14:6 ($.paths[\\"/subscriptions/{subscriptionId}/resourceGroups/{resourceGroupName}/providers/Microsoft.KeyVault/vaults/{vaultName}\\"].put)",
    ],
    "type": "Warning",
    "validationCategory": "SDKViolation",
  },
  Object {
    "code": "TrackedResourceListByImmediateParent",
    "id": "R3010",
    "json-path": "file:///home/justinxi/lint/regression/azure-rest-api-specs/specification/keyvault/resource-manager/Microsoft.KeyVault/stable/2019-09-01/providers.json:56:2 ($.definitions)",
    "jsonref": "file:///home/justinxi/lint/regression/azure-rest-api-specs/specification/keyvault/resource-manager/Microsoft.KeyVault/stable/2019-09-01/providers.json:56:2 ($.definitions)",
    "message": "The child tracked resource, 'accessPolicies' with immediate parent 'Vault', must have a list by immediate parent operation.",
    "providerNamespace": null,
    "resourceType": null,
    "sources": Array [
      "file:///home/justinxi/lint/regression/azure-rest-api-specs/specification/keyvault/resource-manager/Microsoft.KeyVault/stable/2019-09-01/providers.json:56:2 ($.definitions)",
      "file:///home/justinxi/lint/regression/azure-rest-api-specs/specification/keyvault/resource-manager/Microsoft.KeyVault/stable/2019-09-01/keyvault.json:895:2 ($.definitions)",
    ],
    "type": "Warning",
    "validationCategory": "ARMViolation",
  },
  Object {
    "code": "TrackedResourceListByImmediateParent",
    "id": "R3010",
    "json-path": "file:///home/justinxi/lint/regression/azure-rest-api-specs/specification/keyvault/resource-manager/Microsoft.KeyVault/stable/2019-09-01/providers.json:56:2 ($.definitions)",
    "jsonref": "file:///home/justinxi/lint/regression/azure-rest-api-specs/specification/keyvault/resource-manager/Microsoft.KeyVault/stable/2019-09-01/providers.json:56:2 ($.definitions)",
    "message": "The child tracked resource, 'privateEndpointConnections' with immediate parent 'Vault', must have a list by immediate parent operation.",
    "providerNamespace": null,
    "resourceType": null,
    "sources": Array [
      "file:///home/justinxi/lint/regression/azure-rest-api-specs/specification/keyvault/resource-manager/Microsoft.KeyVault/stable/2019-09-01/providers.json:56:2 ($.definitions)",
      "file:///home/justinxi/lint/regression/azure-rest-api-specs/specification/keyvault/resource-manager/Microsoft.KeyVault/stable/2019-09-01/keyvault.json:895:2 ($.definitions)",
    ],
    "type": "Warning",
    "validationCategory": "ARMViolation",
  },
  Object {
    "code": "PutInOperationName",
    "id": "R1006",
    "json-path": "file:///home/justinxi/lint/regression/azure-rest-api-specs/specification/keyvault/resource-manager/Microsoft.KeyVault/stable/2019-09-01/keyvault.json:248:8 ($.paths[\\"/subscriptions/{subscriptionId}/resourceGroups/{resourceGroupName}/providers/Microsoft.KeyVault/vaults/{vaultName}/accessPolicies/{operationKind}\\"].put.operationId)",
    "jsonref": "file:///home/justinxi/lint/regression/azure-rest-api-specs/specification/keyvault/resource-manager/Microsoft.KeyVault/stable/2019-09-01/keyvault.json:248:8 ($.paths[\\"/subscriptions/{subscriptionId}/resourceGroups/{resourceGroupName}/providers/Microsoft.KeyVault/vaults/{vaultName}/accessPolicies/{operationKind}\\"].put.operationId)",
    "message": "'PUT' operation 'Vaults_UpdateAccessPolicy' should use method name 'Create'. Note: If you have already shipped an SDK on top of this spec, fixing this warning may introduce a breaking change.",
    "providerNamespace": "Microsoft.KeyVault",
    "resourceType": "vaults",
    "sources": Array [
      "file:///home/justinxi/lint/regression/azure-rest-api-specs/specification/keyvault/resource-manager/Microsoft.KeyVault/stable/2019-09-01/keyvault.json:248:8 ($.paths[\\"/subscriptions/{subscriptionId}/resourceGroups/{resourceGroupName}/providers/Microsoft.KeyVault/vaults/{vaultName}/accessPolicies/{operationKind}\\"].put.operationId)",
    ],
    "type": "Warning",
    "validationCategory": "SDKViolation",
  },
  Object {
    "code": "PutInOperationName",
    "id": "R1006",
    "json-path": "file:///home/justinxi/lint/regression/azure-rest-api-specs/specification/keyvault/resource-manager/Microsoft.KeyVault/stable/2019-09-01/keyvault.json:721:8 ($.paths[\\"/subscriptions/{subscriptionId}/resourceGroups/{resourceGroupName}/providers/Microsoft.KeyVault/vaults/{vaultName}/privateEndpointConnections/{privateEndpointConnectionName}\\"].put.operationId)",
    "jsonref": "file:///home/justinxi/lint/regression/azure-rest-api-specs/specification/keyvault/resource-manager/Microsoft.KeyVault/stable/2019-09-01/keyvault.json:721:8 ($.paths[\\"/subscriptions/{subscriptionId}/resourceGroups/{resourceGroupName}/providers/Microsoft.KeyVault/vaults/{vaultName}/privateEndpointConnections/{privateEndpointConnectionName}\\"].put.operationId)",
    "message": "'PUT' operation 'PrivateEndpointConnections_Put' should use method name 'Create'. Note: If you have already shipped an SDK on top of this spec, fixing this warning may introduce a breaking change.",
    "providerNamespace": "Microsoft.KeyVault",
    "resourceType": "vaults",
    "sources": Array [
      "file:///home/justinxi/lint/regression/azure-rest-api-specs/specification/keyvault/resource-manager/Microsoft.KeyVault/stable/2019-09-01/keyvault.json:721:8 ($.paths[\\"/subscriptions/{subscriptionId}/resourceGroups/{resourceGroupName}/providers/Microsoft.KeyVault/vaults/{vaultName}/privateEndpointConnections/{privateEndpointConnectionName}\\"].put.operationId)",
    ],
    "type": "Warning",
    "validationCategory": "SDKViolation",
  },
  Object {
    "code": "GuidUsage",
    "id": "R3017",
    "json-path": "file:///home/justinxi/lint/regression/azure-rest-api-specs/specification/keyvault/resource-manager/Microsoft.KeyVault/stable/2019-09-01/keyvault.json:953:8 ($.definitions.AccessPolicyEntry.properties.tenantId)",
    "jsonref": "file:///home/justinxi/lint/regression/azure-rest-api-specs/specification/keyvault/resource-manager/Microsoft.KeyVault/stable/2019-09-01/keyvault.json:953:8 ($.definitions.AccessPolicyEntry.properties.tenantId)",
    "message": "Guid used in model definition 'AccessPolicyEntry' for property 'tenantId'. Usage of Guid is not recommanded. If GUIDs are absolutely required in your service, please get sign off from the Azure API review board.",
    "providerNamespace": null,
    "resourceType": null,
    "sources": Array [
      "file:///home/justinxi/lint/regression/azure-rest-api-specs/specification/keyvault/resource-manager/Microsoft.KeyVault/stable/2019-09-01/keyvault.json:953:8 ($.definitions.AccessPolicyEntry.properties.tenantId)",
    ],
    "type": "Warning",
    "validationCategory": "ARMViolation",
  },
  Object {
    "code": "GuidUsage",
    "id": "R3017",
    "json-path": "file:///home/justinxi/lint/regression/azure-rest-api-specs/specification/keyvault/resource-manager/Microsoft.KeyVault/stable/2019-09-01/keyvault.json:1092:8 ($.definitions.VaultProperties.properties.tenantId)",
    "jsonref": "file:///home/justinxi/lint/regression/azure-rest-api-specs/specification/keyvault/resource-manager/Microsoft.KeyVault/stable/2019-09-01/keyvault.json:1092:8 ($.definitions.VaultProperties.properties.tenantId)",
    "message": "Guid used in model definition 'VaultProperties' for property 'tenantId'. Usage of Guid is not recommanded. If GUIDs are absolutely required in your service, please get sign off from the Azure API review board.",
    "providerNamespace": null,
    "resourceType": null,
    "sources": Array [
      "file:///home/justinxi/lint/regression/azure-rest-api-specs/specification/keyvault/resource-manager/Microsoft.KeyVault/stable/2019-09-01/keyvault.json:1092:8 ($.definitions.VaultProperties.properties.tenantId)",
    ],
    "type": "Warning",
    "validationCategory": "ARMViolation",
  },
  Object {
    "code": "GuidUsage",
    "id": "R3017",
    "json-path": "file:///home/justinxi/lint/regression/azure-rest-api-specs/specification/keyvault/resource-manager/Microsoft.KeyVault/stable/2019-09-01/keyvault.json:1177:8 ($.definitions.VaultPatchProperties.properties.tenantId)",
    "jsonref": "file:///home/justinxi/lint/regression/azure-rest-api-specs/specification/keyvault/resource-manager/Microsoft.KeyVault/stable/2019-09-01/keyvault.json:1177:8 ($.definitions.VaultPatchProperties.properties.tenantId)",
    "message": "Guid used in model definition 'VaultPatchProperties' for property 'tenantId'. Usage of Guid is not recommanded. If GUIDs are absolutely required in your service, please get sign off from the Azure API review board.",
    "providerNamespace": null,
    "resourceType": null,
    "sources": Array [
      "file:///home/justinxi/lint/regression/azure-rest-api-specs/specification/keyvault/resource-manager/Microsoft.KeyVault/stable/2019-09-01/keyvault.json:1177:8 ($.definitions.VaultPatchProperties.properties.tenantId)",
    ],
    "type": "Warning",
    "validationCategory": "ARMViolation",
  },
  Object {
    "code": "DescriptionAndTitleMissing",
    "id": "R4021",
    "json-path": "file:///home/justinxi/lint/regression/azure-rest-api-specs/specification/keyvault/resource-manager/Microsoft.KeyVault/stable/2019-09-01/keyvault.json:899:8 ($.definitions.CloudError.properties.error)",
    "jsonref": "file:///home/justinxi/lint/regression/azure-rest-api-specs/specification/keyvault/resource-manager/Microsoft.KeyVault/stable/2019-09-01/keyvault.json:899:8 ($.definitions.CloudError.properties.error)",
    "message": "'error' model/property lacks 'description' and 'title' property. Consider adding a 'description'/'title' element. Accurate description/title is essential for maintaining reference documentation.",
    "providerNamespace": null,
    "resourceType": null,
    "sources": Array [
      "file:///home/justinxi/lint/regression/azure-rest-api-specs/specification/keyvault/resource-manager/Microsoft.KeyVault/stable/2019-09-01/keyvault.json:899:8 ($.definitions.CloudError.properties.error)",
    ],
    "type": "Warning",
    "validationCategory": "SDKViolation",
  },
  Object {
    "code": "EnumInsteadOfBoolean",
    "id": "R3018",
    "json-path": "file:///home/justinxi/lint/regression/azure-rest-api-specs/specification/keyvault/resource-manager/Microsoft.KeyVault/stable/2019-09-01/keyvault.json:1112:8 ($.definitions.VaultProperties.properties.enabledForDeployment)",
    "jsonref": "file:///home/justinxi/lint/regression/azure-rest-api-specs/specification/keyvault/resource-manager/Microsoft.KeyVault/stable/2019-09-01/keyvault.json:1112:8 ($.definitions.VaultProperties.properties.enabledForDeployment)",
    "message": "Booleans are not descriptive and make them hard to use. Consider using string enums with allowed set of values defined. Property: enabledForDeployment",
    "providerNamespace": null,
    "resourceType": null,
    "sources": Array [
      "file:///home/justinxi/lint/regression/azure-rest-api-specs/specification/keyvault/resource-manager/Microsoft.KeyVault/stable/2019-09-01/keyvault.json:1112:8 ($.definitions.VaultProperties.properties.enabledForDeployment)",
    ],
    "type": "Warning",
    "validationCategory": "ARMViolation",
  },
  Object {
    "code": "EnumInsteadOfBoolean",
    "id": "R3018",
    "json-path": "file:///home/justinxi/lint/regression/azure-rest-api-specs/specification/keyvault/resource-manager/Microsoft.KeyVault/stable/2019-09-01/keyvault.json:1116:8 ($.definitions.VaultProperties.properties.enabledForDiskEncryption)",
    "jsonref": "file:///home/justinxi/lint/regression/azure-rest-api-specs/specification/keyvault/resource-manager/Microsoft.KeyVault/stable/2019-09-01/keyvault.json:1116:8 ($.definitions.VaultProperties.properties.enabledForDiskEncryption)",
    "message": "Booleans are not descriptive and make them hard to use. Consider using string enums with allowed set of values defined. Property: enabledForDiskEncryption",
    "providerNamespace": null,
    "resourceType": null,
    "sources": Array [
      "file:///home/justinxi/lint/regression/azure-rest-api-specs/specification/keyvault/resource-manager/Microsoft.KeyVault/stable/2019-09-01/keyvault.json:1116:8 ($.definitions.VaultProperties.properties.enabledForDiskEncryption)",
    ],
    "type": "Warning",
    "validationCategory": "ARMViolation",
  },
  Object {
    "code": "EnumInsteadOfBoolean",
    "id": "R3018",
    "json-path": "file:///home/justinxi/lint/regression/azure-rest-api-specs/specification/keyvault/resource-manager/Microsoft.KeyVault/stable/2019-09-01/keyvault.json:1120:8 ($.definitions.VaultProperties.properties.enabledForTemplateDeployment)",
    "jsonref": "file:///home/justinxi/lint/regression/azure-rest-api-specs/specification/keyvault/resource-manager/Microsoft.KeyVault/stable/2019-09-01/keyvault.json:1120:8 ($.definitions.VaultProperties.properties.enabledForTemplateDeployment)",
    "message": "Booleans are not descriptive and make them hard to use. Consider using string enums with allowed set of values defined. Property: enabledForTemplateDeployment",
    "providerNamespace": null,
    "resourceType": null,
    "sources": Array [
      "file:///home/justinxi/lint/regression/azure-rest-api-specs/specification/keyvault/resource-manager/Microsoft.KeyVault/stable/2019-09-01/keyvault.json:1120:8 ($.definitions.VaultProperties.properties.enabledForTemplateDeployment)",
    ],
    "type": "Warning",
    "validationCategory": "ARMViolation",
  },
  Object {
    "code": "EnumInsteadOfBoolean",
    "id": "R3018",
    "json-path": "file:///home/justinxi/lint/regression/azure-rest-api-specs/specification/keyvault/resource-manager/Microsoft.KeyVault/stable/2019-09-01/keyvault.json:1124:8 ($.definitions.VaultProperties.properties.enableSoftDelete)",
    "jsonref": "file:///home/justinxi/lint/regression/azure-rest-api-specs/specification/keyvault/resource-manager/Microsoft.KeyVault/stable/2019-09-01/keyvault.json:1124:8 ($.definitions.VaultProperties.properties.enableSoftDelete)",
    "message": "Booleans are not descriptive and make them hard to use. Consider using string enums with allowed set of values defined. Property: enableSoftDelete",
    "providerNamespace": null,
    "resourceType": null,
    "sources": Array [
      "file:///home/justinxi/lint/regression/azure-rest-api-specs/specification/keyvault/resource-manager/Microsoft.KeyVault/stable/2019-09-01/keyvault.json:1124:8 ($.definitions.VaultProperties.properties.enableSoftDelete)",
    ],
    "type": "Warning",
    "validationCategory": "ARMViolation",
  },
  Object {
    "code": "EnumInsteadOfBoolean",
    "id": "R3018",
    "json-path": "file:///home/justinxi/lint/regression/azure-rest-api-specs/specification/keyvault/resource-manager/Microsoft.KeyVault/stable/2019-09-01/keyvault.json:1135:8 ($.definitions.VaultProperties.properties.enableRbacAuthorization)",
    "jsonref": "file:///home/justinxi/lint/regression/azure-rest-api-specs/specification/keyvault/resource-manager/Microsoft.KeyVault/stable/2019-09-01/keyvault.json:1135:8 ($.definitions.VaultProperties.properties.enableRbacAuthorization)",
    "message": "Booleans are not descriptive and make them hard to use. Consider using string enums with allowed set of values defined. Property: enableRbacAuthorization",
    "providerNamespace": null,
    "resourceType": null,
    "sources": Array [
      "file:///home/justinxi/lint/regression/azure-rest-api-specs/specification/keyvault/resource-manager/Microsoft.KeyVault/stable/2019-09-01/keyvault.json:1135:8 ($.definitions.VaultProperties.properties.enableRbacAuthorization)",
    ],
    "type": "Warning",
    "validationCategory": "ARMViolation",
  },
  Object {
    "code": "EnumInsteadOfBoolean",
    "id": "R3018",
    "json-path": "file:///home/justinxi/lint/regression/azure-rest-api-specs/specification/keyvault/resource-manager/Microsoft.KeyVault/stable/2019-09-01/keyvault.json:1152:8 ($.definitions.VaultProperties.properties.enablePurgeProtection)",
    "jsonref": "file:///home/justinxi/lint/regression/azure-rest-api-specs/specification/keyvault/resource-manager/Microsoft.KeyVault/stable/2019-09-01/keyvault.json:1152:8 ($.definitions.VaultProperties.properties.enablePurgeProtection)",
    "message": "Booleans are not descriptive and make them hard to use. Consider using string enums with allowed set of values defined. Property: enablePurgeProtection",
    "providerNamespace": null,
    "resourceType": null,
    "sources": Array [
      "file:///home/justinxi/lint/regression/azure-rest-api-specs/specification/keyvault/resource-manager/Microsoft.KeyVault/stable/2019-09-01/keyvault.json:1152:8 ($.definitions.VaultProperties.properties.enablePurgeProtection)",
    ],
    "type": "Warning",
    "validationCategory": "ARMViolation",
  },
  Object {
    "code": "EnumInsteadOfBoolean",
    "id": "R3018",
    "json-path": "file:///home/justinxi/lint/regression/azure-rest-api-specs/specification/keyvault/resource-manager/Microsoft.KeyVault/stable/2019-09-01/keyvault.json:1193:8 ($.definitions.VaultPatchProperties.properties.enabledForDeployment)",
    "jsonref": "file:///home/justinxi/lint/regression/azure-rest-api-specs/specification/keyvault/resource-manager/Microsoft.KeyVault/stable/2019-09-01/keyvault.json:1193:8 ($.definitions.VaultPatchProperties.properties.enabledForDeployment)",
    "message": "Booleans are not descriptive and make them hard to use. Consider using string enums with allowed set of values defined. Property: enabledForDeployment",
    "providerNamespace": null,
    "resourceType": null,
    "sources": Array [
      "file:///home/justinxi/lint/regression/azure-rest-api-specs/specification/keyvault/resource-manager/Microsoft.KeyVault/stable/2019-09-01/keyvault.json:1193:8 ($.definitions.VaultPatchProperties.properties.enabledForDeployment)",
    ],
    "type": "Warning",
    "validationCategory": "ARMViolation",
  },
  Object {
    "code": "EnumInsteadOfBoolean",
    "id": "R3018",
    "json-path": "file:///home/justinxi/lint/regression/azure-rest-api-specs/specification/keyvault/resource-manager/Microsoft.KeyVault/stable/2019-09-01/keyvault.json:1197:8 ($.definitions.VaultPatchProperties.properties.enabledForDiskEncryption)",
    "jsonref": "file:///home/justinxi/lint/regression/azure-rest-api-specs/specification/keyvault/resource-manager/Microsoft.KeyVault/stable/2019-09-01/keyvault.json:1197:8 ($.definitions.VaultPatchProperties.properties.enabledForDiskEncryption)",
    "message": "Booleans are not descriptive and make them hard to use. Consider using string enums with allowed set of values defined. Property: enabledForDiskEncryption",
    "providerNamespace": null,
    "resourceType": null,
    "sources": Array [
      "file:///home/justinxi/lint/regression/azure-rest-api-specs/specification/keyvault/resource-manager/Microsoft.KeyVault/stable/2019-09-01/keyvault.json:1197:8 ($.definitions.VaultPatchProperties.properties.enabledForDiskEncryption)",
    ],
    "type": "Warning",
    "validationCategory": "ARMViolation",
  },
  Object {
    "code": "EnumInsteadOfBoolean",
    "id": "R3018",
    "json-path": "file:///home/justinxi/lint/regression/azure-rest-api-specs/specification/keyvault/resource-manager/Microsoft.KeyVault/stable/2019-09-01/keyvault.json:1201:8 ($.definitions.VaultPatchProperties.properties.enabledForTemplateDeployment)",
    "jsonref": "file:///home/justinxi/lint/regression/azure-rest-api-specs/specification/keyvault/resource-manager/Microsoft.KeyVault/stable/2019-09-01/keyvault.json:1201:8 ($.definitions.VaultPatchProperties.properties.enabledForTemplateDeployment)",
    "message": "Booleans are not descriptive and make them hard to use. Consider using string enums with allowed set of values defined. Property: enabledForTemplateDeployment",
    "providerNamespace": null,
    "resourceType": null,
    "sources": Array [
      "file:///home/justinxi/lint/regression/azure-rest-api-specs/specification/keyvault/resource-manager/Microsoft.KeyVault/stable/2019-09-01/keyvault.json:1201:8 ($.definitions.VaultPatchProperties.properties.enabledForTemplateDeployment)",
    ],
    "type": "Warning",
    "validationCategory": "ARMViolation",
  },
  Object {
    "code": "EnumInsteadOfBoolean",
    "id": "R3018",
    "json-path": "file:///home/justinxi/lint/regression/azure-rest-api-specs/specification/keyvault/resource-manager/Microsoft.KeyVault/stable/2019-09-01/keyvault.json:1205:8 ($.definitions.VaultPatchProperties.properties.enableSoftDelete)",
    "jsonref": "file:///home/justinxi/lint/regression/azure-rest-api-specs/specification/keyvault/resource-manager/Microsoft.KeyVault/stable/2019-09-01/keyvault.json:1205:8 ($.definitions.VaultPatchProperties.properties.enableSoftDelete)",
    "message": "Booleans are not descriptive and make them hard to use. Consider using string enums with allowed set of values defined. Property: enableSoftDelete",
    "providerNamespace": null,
    "resourceType": null,
    "sources": Array [
      "file:///home/justinxi/lint/regression/azure-rest-api-specs/specification/keyvault/resource-manager/Microsoft.KeyVault/stable/2019-09-01/keyvault.json:1205:8 ($.definitions.VaultPatchProperties.properties.enableSoftDelete)",
    ],
    "type": "Warning",
    "validationCategory": "ARMViolation",
  },
  Object {
    "code": "EnumInsteadOfBoolean",
    "id": "R3018",
    "json-path": "file:///home/justinxi/lint/regression/azure-rest-api-specs/specification/keyvault/resource-manager/Microsoft.KeyVault/stable/2019-09-01/keyvault.json:1209:8 ($.definitions.VaultPatchProperties.properties.enableRbacAuthorization)",
    "jsonref": "file:///home/justinxi/lint/regression/azure-rest-api-specs/specification/keyvault/resource-manager/Microsoft.KeyVault/stable/2019-09-01/keyvault.json:1209:8 ($.definitions.VaultPatchProperties.properties.enableRbacAuthorization)",
    "message": "Booleans are not descriptive and make them hard to use. Consider using string enums with allowed set of values defined. Property: enableRbacAuthorization",
    "providerNamespace": null,
    "resourceType": null,
    "sources": Array [
      "file:///home/justinxi/lint/regression/azure-rest-api-specs/specification/keyvault/resource-manager/Microsoft.KeyVault/stable/2019-09-01/keyvault.json:1209:8 ($.definitions.VaultPatchProperties.properties.enableRbacAuthorization)",
    ],
    "type": "Warning",
    "validationCategory": "ARMViolation",
  },
  Object {
    "code": "EnumInsteadOfBoolean",
    "id": "R3018",
    "json-path": "file:///home/justinxi/lint/regression/azure-rest-api-specs/specification/keyvault/resource-manager/Microsoft.KeyVault/stable/2019-09-01/keyvault.json:1230:8 ($.definitions.VaultPatchProperties.properties.enablePurgeProtection)",
    "jsonref": "file:///home/justinxi/lint/regression/azure-rest-api-specs/specification/keyvault/resource-manager/Microsoft.KeyVault/stable/2019-09-01/keyvault.json:1230:8 ($.definitions.VaultPatchProperties.properties.enablePurgeProtection)",
    "message": "Booleans are not descriptive and make them hard to use. Consider using string enums with allowed set of values defined. Property: enablePurgeProtection",
    "providerNamespace": null,
    "resourceType": null,
    "sources": Array [
      "file:///home/justinxi/lint/regression/azure-rest-api-specs/specification/keyvault/resource-manager/Microsoft.KeyVault/stable/2019-09-01/keyvault.json:1230:8 ($.definitions.VaultPatchProperties.properties.enablePurgeProtection)",
    ],
    "type": "Warning",
    "validationCategory": "ARMViolation",
  },
  Object {
    "code": "AllResourcesMustHaveGetOperation",
    "id": "R4014",
    "json-path": "file:///home/justinxi/lint/regression/azure-rest-api-specs/specification/keyvault/resource-manager/Microsoft.KeyVault/stable/2019-09-01/keyvault.json:1743:4 ($.definitions.PrivateLinkResource)",
    "jsonref": "file:///home/justinxi/lint/regression/azure-rest-api-specs/specification/keyvault/resource-manager/Microsoft.KeyVault/stable/2019-09-01/keyvault.json:1743:4 ($.definitions.PrivateLinkResource)",
    "message": "The resource \\"PrivateLinkResource\\" does not have get operation, please add it.",
    "providerNamespace": false,
    "resourceType": false,
    "sources": Array [
      "file:///home/justinxi/lint/regression/azure-rest-api-specs/specification/keyvault/resource-manager/Microsoft.KeyVault/stable/2019-09-01/keyvault.json:1743:4 ($.definitions.PrivateLinkResource)",
    ],
    "type": "warning",
    "validationCategory": "ARMViolation",
  },
  Object {
    "code": "AvoidNestedProperties",
    "id": "R2001",
    "json-path": "file:///home/justinxi/lint/regression/azure-rest-api-specs/specification/keyvault/resource-manager/Microsoft.KeyVault/stable/2019-09-01/keyvault.json:1325:8 ($.definitions.VaultPatchParameters.properties.properties)",
    "jsonref": "file:///home/justinxi/lint/regression/azure-rest-api-specs/specification/keyvault/resource-manager/Microsoft.KeyVault/stable/2019-09-01/keyvault.json:1325:8 ($.definitions.VaultPatchParameters.properties.properties)",
    "message": "Consider using x-ms-client-flatten to provide a better end user experience",
    "providerNamespace": null,
    "resourceType": null,
    "sources": Array [
      "file:///home/justinxi/lint/regression/azure-rest-api-specs/specification/keyvault/resource-manager/Microsoft.KeyVault/stable/2019-09-01/keyvault.json:1325:8 ($.definitions.VaultPatchParameters.properties.properties)",
    ],
    "type": "Warning",
    "validationCategory": "SDKViolation",
  },
  Object {
    "code": "AvoidNestedProperties",
    "id": "R2001",
    "json-path": "file:///home/justinxi/lint/regression/azure-rest-api-specs/specification/keyvault/resource-manager/Microsoft.KeyVault/stable/2019-09-01/keyvault.json:1355:8 ($.definitions.VaultAccessPolicyParameters.properties.properties)",
    "jsonref": "file:///home/justinxi/lint/regression/azure-rest-api-specs/specification/keyvault/resource-manager/Microsoft.KeyVault/stable/2019-09-01/keyvault.json:1355:8 ($.definitions.VaultAccessPolicyParameters.properties.properties)",
    "message": "Consider using x-ms-client-flatten to provide a better end user experience",
    "providerNamespace": null,
    "resourceType": null,
    "sources": Array [
      "file:///home/justinxi/lint/regression/azure-rest-api-specs/specification/keyvault/resource-manager/Microsoft.KeyVault/stable/2019-09-01/keyvault.json:1355:8 ($.definitions.VaultAccessPolicyParameters.properties.properties)",
    ],
    "type": "Warning",
    "validationCategory": "SDKViolation",
  },
  Object {
    "code": "AvoidNestedProperties",
    "id": "R2001",
    "json-path": "file:///home/justinxi/lint/regression/azure-rest-api-specs/specification/keyvault/resource-manager/Microsoft.KeyVault/stable/2019-09-01/keyvault.json:1394:8 ($.definitions.Vault.properties.properties)",
    "jsonref": "file:///home/justinxi/lint/regression/azure-rest-api-specs/specification/keyvault/resource-manager/Microsoft.KeyVault/stable/2019-09-01/keyvault.json:1394:8 ($.definitions.Vault.properties.properties)",
    "message": "Consider using x-ms-client-flatten to provide a better end user experience",
    "providerNamespace": null,
    "resourceType": null,
    "sources": Array [
      "file:///home/justinxi/lint/regression/azure-rest-api-specs/specification/keyvault/resource-manager/Microsoft.KeyVault/stable/2019-09-01/keyvault.json:1394:8 ($.definitions.Vault.properties.properties)",
    ],
    "type": "Warning",
    "validationCategory": "SDKViolation",
  },
  Object {
    "code": "AvoidNestedProperties",
    "id": "R2001",
    "json-path": "file:///home/justinxi/lint/regression/azure-rest-api-specs/specification/keyvault/resource-manager/Microsoft.KeyVault/stable/2019-09-01/keyvault.json:1422:8 ($.definitions.DeletedVault.properties.properties)",
    "jsonref": "file:///home/justinxi/lint/regression/azure-rest-api-specs/specification/keyvault/resource-manager/Microsoft.KeyVault/stable/2019-09-01/keyvault.json:1422:8 ($.definitions.DeletedVault.properties.properties)",
    "message": "Consider using x-ms-client-flatten to provide a better end user experience",
    "providerNamespace": null,
    "resourceType": null,
    "sources": Array [
      "file:///home/justinxi/lint/regression/azure-rest-api-specs/specification/keyvault/resource-manager/Microsoft.KeyVault/stable/2019-09-01/keyvault.json:1422:8 ($.definitions.DeletedVault.properties.properties)",
    ],
    "type": "Warning",
    "validationCategory": "SDKViolation",
  },
  Object {
    "code": "EnumInsteadOfBoolean",
    "id": "R3018",
    "json-path": "file:///home/justinxi/lint/regression/azure-rest-api-specs/specification/keyvault/resource-manager/Microsoft.KeyVault/stable/2019-09-01/keyvault.json:1537:8 ($.definitions.CheckNameAvailabilityResult.properties.nameAvailable)",
    "jsonref": "file:///home/justinxi/lint/regression/azure-rest-api-specs/specification/keyvault/resource-manager/Microsoft.KeyVault/stable/2019-09-01/keyvault.json:1537:8 ($.definitions.CheckNameAvailabilityResult.properties.nameAvailable)",
    "message": "Booleans are not descriptive and make them hard to use. Consider using string enums with allowed set of values defined. Property: nameAvailable",
    "providerNamespace": null,
    "resourceType": null,
    "sources": Array [
      "file:///home/justinxi/lint/regression/azure-rest-api-specs/specification/keyvault/resource-manager/Microsoft.KeyVault/stable/2019-09-01/keyvault.json:1537:8 ($.definitions.CheckNameAvailabilityResult.properties.nameAvailable)",
    ],
    "type": "Warning",
    "validationCategory": "ARMViolation",
  },
  Object {
    "code": "IntegerTypeMustHaveFormat",
    "id": "R4013",
    "json-path": "file:///home/justinxi/lint/regression/azure-rest-api-specs/specification/keyvault/resource-manager/Microsoft.KeyVault/stable/2019-09-01/keyvault.json:764:14 ($.paths[\\"/subscriptions/{subscriptionId}/resourceGroups/{resourceGroupName}/providers/Microsoft.KeyVault/vaults/{vaultName}/privateEndpointConnections/{privateEndpointConnectionName}\\"].put.responses[\\"200\\"].headers[\\"Retry-After\\"])",
    "jsonref": "file:///home/justinxi/lint/regression/azure-rest-api-specs/specification/keyvault/resource-manager/Microsoft.KeyVault/stable/2019-09-01/keyvault.json:764:14 ($.paths[\\"/subscriptions/{subscriptionId}/resourceGroups/{resourceGroupName}/providers/Microsoft.KeyVault/vaults/{vaultName}/privateEndpointConnections/{privateEndpointConnectionName}\\"].put.responses[\\"200\\"].headers[\\"Retry-After\\"])",
    "message": "The integer type does not have a format, please add it.",
    "providerNamespace": false,
    "resourceType": false,
    "sources": Array [
      "file:///home/justinxi/lint/regression/azure-rest-api-specs/specification/keyvault/resource-manager/Microsoft.KeyVault/stable/2019-09-01/keyvault.json:764:14 ($.paths[\\"/subscriptions/{subscriptionId}/resourceGroups/{resourceGroupName}/providers/Microsoft.KeyVault/vaults/{vaultName}/privateEndpointConnections/{privateEndpointConnectionName}\\"].put.responses[\\"200\\"].headers[\\"Retry-After\\"])",
    ],
    "type": "error",
    "validationCategory": "ARMViolation",
  },
  Object {
    "code": "IntegerTypeMustHaveFormat",
    "id": "R4013",
    "json-path": "file:///home/justinxi/lint/regression/azure-rest-api-specs/specification/keyvault/resource-manager/Microsoft.KeyVault/stable/2019-09-01/keyvault.json:826:14 ($.paths[\\"/subscriptions/{subscriptionId}/resourceGroups/{resourceGroupName}/providers/Microsoft.KeyVault/vaults/{vaultName}/privateEndpointConnections/{privateEndpointConnectionName}\\"].delete.responses[\\"202\\"].headers[\\"Retry-After\\"])",
    "jsonref": "file:///home/justinxi/lint/regression/azure-rest-api-specs/specification/keyvault/resource-manager/Microsoft.KeyVault/stable/2019-09-01/keyvault.json:826:14 ($.paths[\\"/subscriptions/{subscriptionId}/resourceGroups/{resourceGroupName}/providers/Microsoft.KeyVault/vaults/{vaultName}/privateEndpointConnections/{privateEndpointConnectionName}\\"].delete.responses[\\"202\\"].headers[\\"Retry-After\\"])",
    "message": "The integer type does not have a format, please add it.",
    "providerNamespace": false,
    "resourceType": false,
    "sources": Array [
      "file:///home/justinxi/lint/regression/azure-rest-api-specs/specification/keyvault/resource-manager/Microsoft.KeyVault/stable/2019-09-01/keyvault.json:826:14 ($.paths[\\"/subscriptions/{subscriptionId}/resourceGroups/{resourceGroupName}/providers/Microsoft.KeyVault/vaults/{vaultName}/privateEndpointConnections/{privateEndpointConnectionName}\\"].delete.responses[\\"202\\"].headers[\\"Retry-After\\"])",
    ],
    "type": "error",
    "validationCategory": "ARMViolation",
  },
  Object {
    "code": "RequiredDefaultResponse",
    "id": "R4010",
    "json-path": "file:///home/justinxi/lint/regression/azure-rest-api-specs/specification/keyvault/resource-manager/Microsoft.KeyVault/stable/2019-09-01/keyvault.json:53:8 ($.paths[\\"/subscriptions/{subscriptionId}/resourceGroups/{resourceGroupName}/providers/Microsoft.KeyVault/vaults/{vaultName}\\"].put.responses)",
    "jsonref": "file:///home/justinxi/lint/regression/azure-rest-api-specs/specification/keyvault/resource-manager/Microsoft.KeyVault/stable/2019-09-01/keyvault.json:53:8 ($.paths[\\"/subscriptions/{subscriptionId}/resourceGroups/{resourceGroupName}/providers/Microsoft.KeyVault/vaults/{vaultName}\\"].put.responses)",
    "message": "The response is defined but without a default error response implementation.Consider adding it.'",
    "providerNamespace": false,
    "resourceType": false,
    "sources": Array [
      "file:///home/justinxi/lint/regression/azure-rest-api-specs/specification/keyvault/resource-manager/Microsoft.KeyVault/stable/2019-09-01/keyvault.json:53:8 ($.paths[\\"/subscriptions/{subscriptionId}/resourceGroups/{resourceGroupName}/providers/Microsoft.KeyVault/vaults/{vaultName}\\"].put.responses)",
    ],
    "type": "error",
    "validationCategory": "ARMViolation",
  },
  Object {
    "code": "RequiredDefaultResponse",
    "id": "R4010",
    "json-path": "file:///home/justinxi/lint/regression/azure-rest-api-specs/specification/keyvault/resource-manager/Microsoft.KeyVault/stable/2019-09-01/keyvault.json:120:8 ($.paths[\\"/subscriptions/{subscriptionId}/resourceGroups/{resourceGroupName}/providers/Microsoft.KeyVault/vaults/{vaultName}\\"].patch.responses)",
    "jsonref": "file:///home/justinxi/lint/regression/azure-rest-api-specs/specification/keyvault/resource-manager/Microsoft.KeyVault/stable/2019-09-01/keyvault.json:120:8 ($.paths[\\"/subscriptions/{subscriptionId}/resourceGroups/{resourceGroupName}/providers/Microsoft.KeyVault/vaults/{vaultName}\\"].patch.responses)",
    "message": "The response is defined but without a default error response implementation.Consider adding it.'",
    "providerNamespace": false,
    "resourceType": false,
    "sources": Array [
      "file:///home/justinxi/lint/regression/azure-rest-api-specs/specification/keyvault/resource-manager/Microsoft.KeyVault/stable/2019-09-01/keyvault.json:120:8 ($.paths[\\"/subscriptions/{subscriptionId}/resourceGroups/{resourceGroupName}/providers/Microsoft.KeyVault/vaults/{vaultName}\\"].patch.responses)",
    ],
    "type": "error",
    "validationCategory": "ARMViolation",
  },
  Object {
    "code": "RequiredDefaultResponse",
    "id": "R4010",
    "json-path": "file:///home/justinxi/lint/regression/azure-rest-api-specs/specification/keyvault/resource-manager/Microsoft.KeyVault/stable/2019-09-01/keyvault.json:174:8 ($.paths[\\"/subscriptions/{subscriptionId}/resourceGroups/{resourceGroupName}/providers/Microsoft.KeyVault/vaults/{vaultName}\\"].delete.responses)",
    "jsonref": "file:///home/justinxi/lint/regression/azure-rest-api-specs/specification/keyvault/resource-manager/Microsoft.KeyVault/stable/2019-09-01/keyvault.json:174:8 ($.paths[\\"/subscriptions/{subscriptionId}/resourceGroups/{resourceGroupName}/providers/Microsoft.KeyVault/vaults/{vaultName}\\"].delete.responses)",
    "message": "The response is defined but without a default error response implementation.Consider adding it.'",
    "providerNamespace": false,
    "resourceType": false,
    "sources": Array [
      "file:///home/justinxi/lint/regression/azure-rest-api-specs/specification/keyvault/resource-manager/Microsoft.KeyVault/stable/2019-09-01/keyvault.json:174:8 ($.paths[\\"/subscriptions/{subscriptionId}/resourceGroups/{resourceGroupName}/providers/Microsoft.KeyVault/vaults/{vaultName}\\"].delete.responses)",
    ],
    "type": "error",
    "validationCategory": "ARMViolation",
  },
  Object {
    "code": "RequiredDefaultResponse",
    "id": "R4010",
    "json-path": "file:///home/justinxi/lint/regression/azure-rest-api-specs/specification/keyvault/resource-manager/Microsoft.KeyVault/stable/2019-09-01/keyvault.json:222:8 ($.paths[\\"/subscriptions/{subscriptionId}/resourceGroups/{resourceGroupName}/providers/Microsoft.KeyVault/vaults/{vaultName}\\"].get.responses)",
    "jsonref": "file:///home/justinxi/lint/regression/azure-rest-api-specs/specification/keyvault/resource-manager/Microsoft.KeyVault/stable/2019-09-01/keyvault.json:222:8 ($.paths[\\"/subscriptions/{subscriptionId}/resourceGroups/{resourceGroupName}/providers/Microsoft.KeyVault/vaults/{vaultName}\\"].get.responses)",
    "message": "The response is defined but without a default error response implementation.Consider adding it.'",
    "providerNamespace": false,
    "resourceType": false,
    "sources": Array [
      "file:///home/justinxi/lint/regression/azure-rest-api-specs/specification/keyvault/resource-manager/Microsoft.KeyVault/stable/2019-09-01/keyvault.json:222:8 ($.paths[\\"/subscriptions/{subscriptionId}/resourceGroups/{resourceGroupName}/providers/Microsoft.KeyVault/vaults/{vaultName}\\"].get.responses)",
    ],
    "type": "error",
    "validationCategory": "ARMViolation",
  },
  Object {
    "code": "RequiredDefaultResponse",
    "id": "R4010",
    "json-path": "file:///home/justinxi/lint/regression/azure-rest-api-specs/specification/keyvault/resource-manager/Microsoft.KeyVault/stable/2019-09-01/keyvault.json:298:8 ($.paths[\\"/subscriptions/{subscriptionId}/resourceGroups/{resourceGroupName}/providers/Microsoft.KeyVault/vaults/{vaultName}/accessPolicies/{operationKind}\\"].put.responses)",
    "jsonref": "file:///home/justinxi/lint/regression/azure-rest-api-specs/specification/keyvault/resource-manager/Microsoft.KeyVault/stable/2019-09-01/keyvault.json:298:8 ($.paths[\\"/subscriptions/{subscriptionId}/resourceGroups/{resourceGroupName}/providers/Microsoft.KeyVault/vaults/{vaultName}/accessPolicies/{operationKind}\\"].put.responses)",
    "message": "The response is defined but without a default error response implementation.Consider adding it.'",
    "providerNamespace": false,
    "resourceType": false,
    "sources": Array [
      "file:///home/justinxi/lint/regression/azure-rest-api-specs/specification/keyvault/resource-manager/Microsoft.KeyVault/stable/2019-09-01/keyvault.json:298:8 ($.paths[\\"/subscriptions/{subscriptionId}/resourceGroups/{resourceGroupName}/providers/Microsoft.KeyVault/vaults/{vaultName}/accessPolicies/{operationKind}\\"].put.responses)",
    ],
    "type": "error",
    "validationCategory": "ARMViolation",
  },
  Object {
    "code": "RequiredDefaultResponse",
    "id": "R4010",
    "json-path": "file:///home/justinxi/lint/regression/azure-rest-api-specs/specification/keyvault/resource-manager/Microsoft.KeyVault/stable/2019-09-01/keyvault.json:354:8 ($.paths[\\"/subscriptions/{subscriptionId}/resourceGroups/{resourceGroupName}/providers/Microsoft.KeyVault/vaults\\"].get.responses)",
    "jsonref": "file:///home/justinxi/lint/regression/azure-rest-api-specs/specification/keyvault/resource-manager/Microsoft.KeyVault/stable/2019-09-01/keyvault.json:354:8 ($.paths[\\"/subscriptions/{subscriptionId}/resourceGroups/{resourceGroupName}/providers/Microsoft.KeyVault/vaults\\"].get.responses)",
    "message": "The response is defined but without a default error response implementation.Consider adding it.'",
    "providerNamespace": false,
    "resourceType": false,
    "sources": Array [
      "file:///home/justinxi/lint/regression/azure-rest-api-specs/specification/keyvault/resource-manager/Microsoft.KeyVault/stable/2019-09-01/keyvault.json:354:8 ($.paths[\\"/subscriptions/{subscriptionId}/resourceGroups/{resourceGroupName}/providers/Microsoft.KeyVault/vaults\\"].get.responses)",
    ],
    "type": "error",
    "validationCategory": "ARMViolation",
  },
  Object {
    "code": "RequiredDefaultResponse",
    "id": "R4010",
    "json-path": "file:///home/justinxi/lint/regression/azure-rest-api-specs/specification/keyvault/resource-manager/Microsoft.KeyVault/stable/2019-09-01/keyvault.json:400:8 ($.paths[\\"/subscriptions/{subscriptionId}/providers/Microsoft.KeyVault/vaults\\"].get.responses)",
    "jsonref": "file:///home/justinxi/lint/regression/azure-rest-api-specs/specification/keyvault/resource-manager/Microsoft.KeyVault/stable/2019-09-01/keyvault.json:400:8 ($.paths[\\"/subscriptions/{subscriptionId}/providers/Microsoft.KeyVault/vaults\\"].get.responses)",
    "message": "The response is defined but without a default error response implementation.Consider adding it.'",
    "providerNamespace": false,
    "resourceType": false,
    "sources": Array [
      "file:///home/justinxi/lint/regression/azure-rest-api-specs/specification/keyvault/resource-manager/Microsoft.KeyVault/stable/2019-09-01/keyvault.json:400:8 ($.paths[\\"/subscriptions/{subscriptionId}/providers/Microsoft.KeyVault/vaults\\"].get.responses)",
    ],
    "type": "error",
    "validationCategory": "ARMViolation",
  },
  Object {
    "code": "RequiredDefaultResponse",
    "id": "R4010",
    "json-path": "file:///home/justinxi/lint/regression/azure-rest-api-specs/specification/keyvault/resource-manager/Microsoft.KeyVault/stable/2019-09-01/keyvault.json:439:8 ($.paths[\\"/subscriptions/{subscriptionId}/providers/Microsoft.KeyVault/deletedVaults\\"].get.responses)",
    "jsonref": "file:///home/justinxi/lint/regression/azure-rest-api-specs/specification/keyvault/resource-manager/Microsoft.KeyVault/stable/2019-09-01/keyvault.json:439:8 ($.paths[\\"/subscriptions/{subscriptionId}/providers/Microsoft.KeyVault/deletedVaults\\"].get.responses)",
    "message": "The response is defined but without a default error response implementation.Consider adding it.'",
    "providerNamespace": false,
    "resourceType": false,
    "sources": Array [
      "file:///home/justinxi/lint/regression/azure-rest-api-specs/specification/keyvault/resource-manager/Microsoft.KeyVault/stable/2019-09-01/keyvault.json:439:8 ($.paths[\\"/subscriptions/{subscriptionId}/providers/Microsoft.KeyVault/deletedVaults\\"].get.responses)",
    ],
    "type": "error",
    "validationCategory": "ARMViolation",
  },
  Object {
    "code": "RequiredDefaultResponse",
    "id": "R4010",
    "json-path": "file:///home/justinxi/lint/regression/azure-rest-api-specs/specification/keyvault/resource-manager/Microsoft.KeyVault/stable/2019-09-01/keyvault.json:492:8 ($.paths[\\"/subscriptions/{subscriptionId}/providers/Microsoft.KeyVault/locations/{location}/deletedVaults/{vaultName}\\"].get.responses)",
    "jsonref": "file:///home/justinxi/lint/regression/azure-rest-api-specs/specification/keyvault/resource-manager/Microsoft.KeyVault/stable/2019-09-01/keyvault.json:492:8 ($.paths[\\"/subscriptions/{subscriptionId}/providers/Microsoft.KeyVault/locations/{location}/deletedVaults/{vaultName}\\"].get.responses)",
    "message": "The response is defined but without a default error response implementation.Consider adding it.'",
    "providerNamespace": false,
    "resourceType": false,
    "sources": Array [
      "file:///home/justinxi/lint/regression/azure-rest-api-specs/specification/keyvault/resource-manager/Microsoft.KeyVault/stable/2019-09-01/keyvault.json:492:8 ($.paths[\\"/subscriptions/{subscriptionId}/providers/Microsoft.KeyVault/locations/{location}/deletedVaults/{vaultName}\\"].get.responses)",
    ],
    "type": "error",
    "validationCategory": "ARMViolation",
  },
  Object {
    "code": "RequiredDefaultResponse",
    "id": "R4010",
    "json-path": "file:///home/justinxi/lint/regression/azure-rest-api-specs/specification/keyvault/resource-manager/Microsoft.KeyVault/stable/2019-09-01/keyvault.json:543:8 ($.paths[\\"/subscriptions/{subscriptionId}/providers/Microsoft.KeyVault/locations/{location}/deletedVaults/{vaultName}/purge\\"].post.responses)",
    "jsonref": "file:///home/justinxi/lint/regression/azure-rest-api-specs/specification/keyvault/resource-manager/Microsoft.KeyVault/stable/2019-09-01/keyvault.json:543:8 ($.paths[\\"/subscriptions/{subscriptionId}/providers/Microsoft.KeyVault/locations/{location}/deletedVaults/{vaultName}/purge\\"].post.responses)",
    "message": "The response is defined but without a default error response implementation.Consider adding it.'",
    "providerNamespace": false,
    "resourceType": false,
    "sources": Array [
      "file:///home/justinxi/lint/regression/azure-rest-api-specs/specification/keyvault/resource-manager/Microsoft.KeyVault/stable/2019-09-01/keyvault.json:543:8 ($.paths[\\"/subscriptions/{subscriptionId}/providers/Microsoft.KeyVault/locations/{location}/deletedVaults/{vaultName}/purge\\"].post.responses)",
    ],
    "type": "error",
    "validationCategory": "ARMViolation",
  },
  Object {
    "code": "RequiredDefaultResponse",
    "id": "R4010",
    "json-path": "file:///home/justinxi/lint/regression/azure-rest-api-specs/specification/keyvault/resource-manager/Microsoft.KeyVault/stable/2019-09-01/keyvault.json:604:8 ($.paths[\\"/subscriptions/{subscriptionId}/resources\\"].get.responses)",
    "jsonref": "file:///home/justinxi/lint/regression/azure-rest-api-specs/specification/keyvault/resource-manager/Microsoft.KeyVault/stable/2019-09-01/keyvault.json:604:8 ($.paths[\\"/subscriptions/{subscriptionId}/resources\\"].get.responses)",
    "message": "The response is defined but without a default error response implementation.Consider adding it.'",
    "providerNamespace": false,
    "resourceType": false,
    "sources": Array [
      "file:///home/justinxi/lint/regression/azure-rest-api-specs/specification/keyvault/resource-manager/Microsoft.KeyVault/stable/2019-09-01/keyvault.json:604:8 ($.paths[\\"/subscriptions/{subscriptionId}/resources\\"].get.responses)",
    ],
    "type": "error",
    "validationCategory": "ARMViolation",
  },
  Object {
    "code": "RequiredDefaultResponse",
    "id": "R4010",
    "json-path": "file:///home/justinxi/lint/regression/azure-rest-api-specs/specification/keyvault/resource-manager/Microsoft.KeyVault/stable/2019-09-01/keyvault.json:649:8 ($.paths[\\"/subscriptions/{subscriptionId}/providers/Microsoft.KeyVault/checkNameAvailability\\"].post.responses)",
    "jsonref": "file:///home/justinxi/lint/regression/azure-rest-api-specs/specification/keyvault/resource-manager/Microsoft.KeyVault/stable/2019-09-01/keyvault.json:649:8 ($.paths[\\"/subscriptions/{subscriptionId}/providers/Microsoft.KeyVault/checkNameAvailability\\"].post.responses)",
    "message": "The response is defined but without a default error response implementation.Consider adding it.'",
    "providerNamespace": false,
    "resourceType": false,
    "sources": Array [
      "file:///home/justinxi/lint/regression/azure-rest-api-specs/specification/keyvault/resource-manager/Microsoft.KeyVault/stable/2019-09-01/keyvault.json:649:8 ($.paths[\\"/subscriptions/{subscriptionId}/providers/Microsoft.KeyVault/checkNameAvailability\\"].post.responses)",
    ],
    "type": "error",
    "validationCategory": "ARMViolation",
  },
  Object {
    "code": "NestedResourcesMustHaveListOperation ",
    "id": "R4015",
    "json-path": "file:///home/justinxi/lint/regression/azure-rest-api-specs/specification/keyvault/resource-manager/Microsoft.KeyVault/stable/2019-09-01/keyvault.json:1640:4 ($.definitions.PrivateEndpointConnection)",
    "jsonref": "file:///home/justinxi/lint/regression/azure-rest-api-specs/specification/keyvault/resource-manager/Microsoft.KeyVault/stable/2019-09-01/keyvault.json:1640:4 ($.definitions.PrivateEndpointConnection)",
    "message": "The nested resource \\"PrivateEndpointConnection\\" does not have list operation, please add it.",
    "providerNamespace": false,
    "resourceType": false,
    "sources": Array [
      "file:///home/justinxi/lint/regression/azure-rest-api-specs/specification/keyvault/resource-manager/Microsoft.KeyVault/stable/2019-09-01/keyvault.json:1640:4 ($.definitions.PrivateEndpointConnection)",
    ],
    "type": "error",
    "validationCategory": "ARMViolation",
  },
  Object {
    "code": "OperationsApiResponseSchema ",
    "id": "R4018",
    "json-path": "file:///home/justinxi/lint/regression/azure-rest-api-specs/specification/keyvault/resource-manager/Microsoft.KeyVault/stable/2019-09-01/providers.json:19:4 ($.paths[\\"/providers/Microsoft.KeyVault/operations\\"])",
    "jsonref": "file:///home/justinxi/lint/regression/azure-rest-api-specs/specification/keyvault/resource-manager/Microsoft.KeyVault/stable/2019-09-01/providers.json:19:4 ($.paths[\\"/providers/Microsoft.KeyVault/operations\\"])",
    "message": "The response schema of operations API \\"/providers/Microsoft.KeyVault/operations\\" does not match the ARM specification. Please standardize the schema.",
    "providerNamespace": "Microsoft.KeyVault",
    "resourceType": "operations",
    "sources": Array [
      "file:///home/justinxi/lint/regression/azure-rest-api-specs/specification/keyvault/resource-manager/Microsoft.KeyVault/stable/2019-09-01/providers.json:19:4 ($.paths[\\"/providers/Microsoft.KeyVault/operations\\"])",
    ],
    "type": "error",
    "validationCategory": "ARMViolation",
  },
  Object {
    "code": "RequiredDefaultResponse",
    "id": "R4010",
    "json-path": "file:///home/justinxi/lint/regression/azure-rest-api-specs/specification/keyvault/resource-manager/Microsoft.KeyVault/stable/2019-09-01/providers.json:31:8 ($.paths[\\"/providers/Microsoft.KeyVault/operations\\"].get.responses)",
    "jsonref": "file:///home/justinxi/lint/regression/azure-rest-api-specs/specification/keyvault/resource-manager/Microsoft.KeyVault/stable/2019-09-01/providers.json:31:8 ($.paths[\\"/providers/Microsoft.KeyVault/operations\\"].get.responses)",
    "message": "The response is defined but without a default error response implementation.Consider adding it.'",
    "providerNamespace": false,
    "resourceType": false,
    "sources": Array [
      "file:///home/justinxi/lint/regression/azure-rest-api-specs/specification/keyvault/resource-manager/Microsoft.KeyVault/stable/2019-09-01/providers.json:31:8 ($.paths[\\"/providers/Microsoft.KeyVault/operations\\"].get.responses)",
    ],
    "type": "error",
    "validationCategory": "ARMViolation",
  },
]
`;
